0 : 0
1 : 3(0)3 5(0)3 14(0)5
2 : 1(14)4 4(5)4 13(3)3 16(3)3 19(3)3
3 : 6(16)3 7(1)6 8(13)6 10(13)3 12(4)2 15(16)3 18(1)7
4 : 9(7)6 11(7)5 17(12)5
5 : 2(11)6
total weight: 80
----
