0 : 0
1 : 39(0)59
total weight: 59
----
0 : 4
1 : 81(4)86
2 : 93(81)95
total weight: 181
----
0 : 5
1 : 17(5)53 43(5)69
2 : 7(43)16
3 : 41(7)100
4 : 12(41)12 31(41)73
5 : 11(31)18 19(31)64 40(31)8
6 : 50(40)61 66(19)34
7 : 9(66)42 27(50)78 38(50)29 58(66)28
8 : 14(58)35 23(38)6 60(38)12 65(9)47 95(9)41
9 : 15(60)42 54(23)67
10 : 48(54)11
total weight: 946
----
0 : 6
1 : 45(6)43
2 : 24(45)26
total weight: 69
----
0 : 16
1 : 94(16)36
total weight: 36
----
0 : 25
1 : 35(25)31
total weight: 31
----
0 : 26
1 : 90(26)24
2 : 52(90)12
total weight: 36
----
0 : 33
1 : 49(33)55
total weight: 55
----
0 : 34
1 : 42(34)2 47(34)99
2 : 83(42)75
total weight: 176
----
0 : 36
1 : 73(36)50
total weight: 50
----
0 : 68
1 : 96(68)93
total weight: 93
----
0 : 77
1 : 84(77)80
total weight: 80
----
0 : 78
1 : 99(78)44
total weight: 44
----
