0 : 0
1 : 302(0)1 684(0)6
2 : 276(302)2
3 : 20(276)1 624(276)1 741(276)1 905(276)1
4 : 212(20)1 834(624)1 931(20)1 986(624)1
5 : 83(834)1 113(212)1
6 : 48(113)1 803(113)1 840(113)1
7 : 15(48)1 23(840)1 839(48)1
8 : 909(15)1
9 : 97(909)1 397(909)1
10 : 393(97)1 862(97)1 974(97)4
11 : 47(862)1 60(862)1 196(393)1 368(862)1 381(974)3
12 : 232(196)1 364(60)1 488(60)1 603(60)1 614(196)1 635(196)1 715(381)1 832(47)1 977(368)1
13 : 31(832)1 107(603)1 189(635)1 214(614)1 511(832)1 667(635)1 763(603)1 842(635)1
14 : 32(189)1 80(763)1 157(107)1 164(107)1 175(31)1 185(214)1 201(214)1 220(763)1 259(31)1 298(842)1 305(189)1 401(107)1 437(189)1 499(107)1 518(189)1 643(214)1 680(31)1 683(31)2 805(31)1 823(189)1 826(189)1 869(511)1 888(107)1 970(107)6 975(107)1
15 : 34(201)1 54(518)1 95(259)1 100(305)1 130(826)1 209(305)1 224(185)1 238(305)1 294(499)1 313(437)1 344(220)1 419(175)1 454(437)1 542(401)1 581(259)2 621(805)2 682(401)1 697(157)1 702(157)1 794(823)1 860(185)1 872(401)1 973(259)1 988(157)1
16 : 39(54)1 50(860)1 52(860)1 151(54)1 243(95)1 273(209)1 339(988)1 357(209)3 363(988)1 375(100)1 442(697)3 449(702)1 604(54)1 608(100)1 619(682)1 629(224)1 641(419)1 670(294)1 692(872)1 699(209)1 732(224)1 783(542)1 885(95)1 908(454)7 953(542)1 979(95)1 987(54)1
17 : 17(243)1 49(608)1 62(52)1 78(243)1 109(608)1 133(629)1 150(732)12 183(39)1 199(50)1 230(151)1 241(987)1 258(699)3 277(783)1 306(699)1 361(670)2 385(979)1 441(699)1 450(151)1 452(629)1 486(783)1 546(885)4 599(52)1 691(608)1 700(953)2 789(953)1 792(699)1 795(273)5 802(732)1 808(339)1 902(885)1 950(273)1
18 : 18(950)1 139(133)1 147(199)1 208(450)1 219(486)13 283(230)1 320(133)1 326(183)1 343(258)8 350(62)1 394(49)1 396(599)5 464(241)1 494(199)1 508(78)1 524(450)1 535(17)1 556(49)1 563(109)1 582(691)1 611(486)1 671(277)1 685(802)2 769(241)1 782(49)1 790(230)1 825(199)1 836(306)1 848(599)1 898(450)1 937(133)12 981(183)1 991(183)1
19 : 75(320)1 87(350)1 93(535)1 99(991)1 105(283)1 129(825)1 148(535)1 163(898)1 297(494)2 328(556)1 336(350)1 383(524)1 403(825)1 405(208)6 483(394)1 490(350)1 506(283)5 510(464)1 528(326)1 532(535)1 550(611)1 562(611)1 577(147)1 615(611)1 626(18)1 634(790)1 710(898)1 712(147)1 734(535)1 752(147)1 858(582)1 864(394)3 918(825)3 926(208)1 948(18)1 951(208)2 976(18)1
20 : 74(336)1 119(148)1 169(105)1 174(129)1 177(99)3 205(75)1 210(948)1 236(615)1 240(129)1 248(752)1 253(93)1 272(510)1 290(483)3 367(858)1 400(490)4 435(710)4 440(532)10 466(752)1 513(148)1 533(532)1 538(858)19 600(93)1 602(532)2 612(297)1 613(87)1 695(510)1 698(562)1 731(163)2 747(634)1 748(403)5 773(105)7 780(93)1 796(87)1 809(93)5 870(926)1 896(383)1 907(99)11 922(328)1 923(403)1 947(148)1 964(328)1 982(129)1 999(562)1
21 : 7(613)10 30(809)14 66(999)1 88(513)1 135(119)1 153(922)1 160(923)1 222(253)1 225(174)1 227(435)1 229(169)1 244(796)1 270(796)1 271(612)1 279(613)1 291(922)1 309(205)1 333(253)1 338(964)1 341(513)1 366(205)1 378(947)1 388(290)1 399(240)1 404(272)1 408(169)1 426(466)2 431(600)8 434(947)1 459(367)1 467(174)5 477(240)1 537(466)1 551(695)1 564(169)1 601(922)1 622(466)8 627(272)1 648(435)5 649(253)1 675(174)1 721(74)1 724(205)1 761(466)1 767(731)1 778(796)1 817(466)1 829(272)1 837(533)1 894(248)1 906(947)2 913(119)1 941(466)4 992(253)1 994(922)1
22 : 4(913)1 14(913)1 28(675)1 36(564)7 51(88)1 63(649)1 69(408)1 73(675)1 111(135)1 120(724)1 155(291)1 176(279)10 193(88)1 228(399)1 245(153)1 282(675)1 303(564)1 312(992)1 322(399)1 355(817)1 372(477)1 377(408)1 391(229)11 406(153)1 420(7)11 448(913)1 480(88)5 484(913)18 500(153)1 512(7)1 516(994)1 539(829)1 540(724)1 552(333)1 580(88)1 606(222)1 630(778)23 660(829)9 694(244)1 726(366)8 730(551)2 733(551)1 754(721)1 819(153)1 852(459)1 866(229)1 875(894)1 887(622)1 915(270)1 917(222)1 920(244)1 958(153)1 962(225)1
23 : 21(312)1 27(606)3 68(245)1 72(606)1 85(69)1 101(500)1 154(111)1 173(322)1 180(606)1 188(69)1 195(228)1 233(920)1 266(875)12 274(51)1 281(606)1 315(111)1 324(962)1 349(111)1 371(917)1 410(120)1 425(245)1 427(754)2 439(69)1 443(312)1 444(694)4 481(406)1 495(733)6 496(866)1 517(355)1 555(448)1 578(355)1 588(228)1 665(120)1 672(448)1 701(730)1 725(480)7 727(606)1 757(69)2 770(606)1 771(312)1 772(4)1 798(448)1 801(312)1 804(282)1 818(406)1 828(228)4 847(552)1 877(516)1 879(372)1 883(377)1 900(819)1 903(303)1 944(28)1
24 : 3(847)2 9(324)1 24(349)1 29(847)1 37(410)1 57(481)1 61(195)1 64(944)1 76(444)31 79(27)1 92(188)1 98(315)6 104(101)1 114(72)1 126(173)1 128(879)1 134(195)1 186(371)1 198(371)11 216(274)1 221(944)1 251(672)3 260(877)1 356(68)1 414(877)1 424(496)1 436(154)1 438(173)1 457(772)1 498(879)1 536(772)1 554(879)4 566(818)1 574(443)1 591(410)1 596(847)1 645(701)1 669(154)1 674(578)2 717(757)1 720(195)1 728(173)1 736(555)1 738(847)15 762(154)1 779(496)2 787(828)4 800(180)1 813(72)1 827(349)1 854(772)1 886(900)1 889(180)1 899(578)4 927(517)1 938(195)11 955(439)9 968(772)1 969(495)3 983(410)2
25 : 10(126)5 106(98)1 108(669)1 122(221)1 125(64)2 132(24)1 146(29)7 149(24)1 159(128)1 187(457)1 190(57)6 200(216)1 206(436)1 267(498)7 284(813)1 299(728)3 310(854)1 311(736)1 314(886)1 332(126)1 340(260)1 384(827)1 412(955)1 421(114)1 461(356)4 487(104)1 519(813)1 520(24)1 522(762)1 558(221)5 620(457)1 623(536)1 650(134)1 651(126)1 658(669)2 663(728)1 746(669)1 793(9)1 810(9)1 811(356)1 820(29)1 821(92)1 838(720)3 855(114)1 867(9)1 897(717)1 910(61)1 925(927)1 928(114)1 930(79)3 936(854)1 940(779)1 984(104)1
26 : 11(284)1 55(811)3 127(820)5 131(384)1 138(651)4 145(928)1 161(149)1 165(200)1 167(122)1 202(897)2 213(897)4 218(520)1 308(520)3 319(867)17 321(650)1 325(810)1 348(820)2 352(108)1 389(314)1 409(838)12 451(421)1 462(149)1 468(897)1 479(149)11 502(125)21 514(132)1 549(928)2 589(299)1 590(284)1 595(810)1 616(190)2 632(421)1 642(206)1 661(206)1 687(206)1 703(620)1 704(421)1 718(284)1 729(10)1 739(311)15 751(149)1 830(200)1 833(651)1 846(421)1 876(519)1 916(928)5 946(384)1 949(384)4 965(284)1 967(746)1
27 : 2(589)1 13(451)1 19(549)1 26(830)5 33(321)1 38(514)1 43(325)1 71(167)1 81(830)1 94(589)1 170(352)1 211(321)1 226(718)1 252(352)1 257(687)3 288(830)6 293(549)1 296(348)1 323(131)1 330(590)1 360(661)8 376(589)4 415(218)1 416(718)2 422(462)1 455(213)10 482(661)1 503(218)1 515(11)1 530(321)1 531(876)1 571(218)1 584(202)1 605(687)2 610(514)1 662(462)1 668(167)1 689(167)1 706(145)1 742(451)1 745(145)1 768(916)6 788(451)1 884(165)7 890(642)6 921(161)1
28 : 12(482)1 42(689)1 44(416)2 56(668)1 86(482)3 103(296)1 115(503)1 116(211)1 117(226)1 156(415)2 231(252)1 237(788)1 264(252)1 285(503)1 307(38)1 317(252)1 342(323)1 358(252)1 369(415)1 413(415)1 433(422)1 453(94)1 463(293)1 478(706)7 489(33)1 568(71)1 593(71)1 653(422)1 657(415)8 673(415)1 677(515)3 713(768)27 722(33)1 740(211)1 765(170)1 814(422)1 822(415)1 933(689)1 945(170)1
29 : 5(463)1 6(156)1 22(56)1 77(593)1 82(42)1 90(568)5 171(673)1 182(358)1 304(653)1 327(433)1 329(657)1 331(358)1 351(231)3 382(568)1 386(115)1 392(369)1 398(115)1 407(342)1 411(653)9 423(489)1 430(307)1 445(116)1 456(673)1 470(156)10 493(42)1 501(264)1 544(307)5 547(369)6 576(264)1 585(237)1 592(369)1 625(42)1 676(478)1 686(822)1 693(593)1 707(478)1 711(463)1 723(116)1 777(116)1 807(489)1 831(358)3 835(285)1 859(116)1 871(86)1 893(489)1 912(12)5
30 : 1(82)1 46(430)1 58(831)1 89(835)1 96(386)1 143(329)11 152(625)1 162(723)5 172(398)1 192(576)1 203(182)1 204(831)1 268(693)1 292(407)1 337(398)1 354(430)1 370(893)2 374(398)1 379(304)1 402(82)1 417(493)1 429(831)1 447(407)1 476(723)1 504(327)1 534(90)4 548(90)1 557(592)7 560(456)1 561(304)12 575(407)1 594(386)1 678(304)1 681(398)1 696(392)1 705(686)1 714(777)1 750(82)1 785(304)1 797(871)1 850(182)1 857(398)1 874(470)1 878(807)1 901(331)33 929(327)4 934(6)22
31 : 16(172)1 41(857)1 102(292)1 118(750)1 137(354)1 166(557)1 179(203)1 215(370)1 223(152)1 246(58)1 250(402)1 256(504)7 265(402)1 275(89)1 278(857)1 286(1)1 318(96)1 373(681)1 432(476)1 465(594)1 471(785)1 472(705)1 485(929)7 529(192)1 543(1)4 559(705)1 569(192)4 617(96)1 652(429)1 654(89)1 655(429)1 656(152)1 735(152)1 753(681)1 824(402)1 895(370)3 904(96)1 932(705)1 942(203)1 960(337)1 961(172)1 972(192)1 998(89)1
32 : 35(471)1 45(942)1 67(654)1 110(465)1 112(654)1 124(223)1 136(275)1 242(179)28 247(16)1 249(960)8 295(118)1 335(286)1 345(932)1 346(617)1 353(179)1 362(318)1 395(102)1 446(118)1 460(16)1 491(118)1 507(960)1 525(16)1 527(432)1 541(179)1 573(961)9 586(654)1 598(656)9 628(529)1 636(904)1 716(256)5 749(118)1 758(569)1 799(735)1 880(118)1 892(179)1 911(16)1 980(932)1 990(961)1 993(617)1
33 : 40(446)1 65(880)1 141(911)1 239(295)1 255(491)11 289(460)1 387(749)1 418(892)1 458(446)1 473(346)1 474(353)1 475(295)1 497(892)6 509(911)1 526(335)1 572(446)1 579(527)1 609(636)8 618(491)1 638(799)1 666(247)1 679(758)2 688(335)6 690(295)2 708(980)2 719(362)1 743(460)1 755(124)1 760(45)1 764(990)1 766(124)2 775(525)1 784(247)1 841(124)1 843(749)1 851(112)1 853(110)1 865(67)3 868(990)1 882(993)1 914(993)1 919(362)1 943(395)2 963(362)1 978(124)1 985(124)1 989(880)1 995(112)2 997(112)4
34 : 8(997)7 59(919)1 84(719)1 142(719)1 168(775)1 178(526)1 184(474)1 197(387)1 217(418)1 254(579)1 269(141)1 280(865)1 301(609)1 334(618)1 347(784)4 523(995)1 553(666)1 565(473)1 567(784)1 570(618)2 633(141)1 640(40)1 737(572)1 774(743)1 776(743)1 786(473)1 812(679)1 844(764)7 856(853)1 861(239)2 863(387)1 924(853)1 939(572)1 956(865)1 957(40)1 966(943)1
35 : 53(633)1 70(640)1 144(178)1 234(565)5 262(633)1 263(347)1 287(966)4 390(178)4 428(184)1 469(567)15 492(863)7 505(786)1 583(957)1 587(553)1 631(633)1 639(567)1 644(178)1 647(269)1 659(334)3 759(737)1 781(567)1 791(924)1 816(347)7 959(84)1 971(956)1
36 : 121(644)1 194(644)1 235(791)1 300(53)1 316(583)1 521(287)12 597(587)5 607(262)1 637(70)6 664(583)1 744(644)1 806(263)7 873(587)1 881(144)1 891(234)1 996(144)1
37 : 25(194)1 91(891)1 123(881)1 140(637)7 158(996)1 181(881)1 191(300)1 207(873)1 545(873)3 709(873)1 815(121)1 935(235)8
38 : 359(207)1 365(545)1 380(709)1 756(709)1 845(815)8 849(123)1
39 : 261(359)1 646(359)1 952(849)1
40 : 954(261)1
total weight: 2001
----
