0: 0
1: 1(0)4 4(0)3
2: 2(4)2 3(1)2
total weight: 11
----
