0: 0
1: 6(0)12
2: 19(6)24
total weight: 36
----
0: 2
1: 47(2)12
total weight: 12
----
0: 5
1: 11(5)21 39(5)46
2: 41(11)51
3: 10(41)18
total weight: 136
----
0: 7
1: 29(7)17
total weight: 17
----
0: 18
1: 44(18)27
total weight: 27
----
0: 22
1: 33(22)26
total weight: 26
----
