0: 0
1: 64(0)1 98(0)1
2: 1(98)1
3: 15(1)1 51(1)1 82(1)1
4: 8(82)1 19(82)1 38(51)1 43(82)1 57(51)1 58(82)1 81(51)1
5: 22(8)1 34(38)1 37(81)1 50(38)1 71(43)1 75(8)1 77(8)1 91(8)1 97(19)1
6: 6(34)1 7(34)1 16(75)1 23(75)2 26(37)2 35(71)1 40(71)2 41(97)2 62(50)1 65(34)1 70(75)1 94(77)1
7: 12(7)1 14(7)2 18(94)1 25(65)1 27(35)2 28(62)1 30(7)1 67(40)2 69(6)1 72(7)1 73(35)1 76(23)1 87(35)1 88(16)1 90(7)1 96(7)1
8: 2(72)1 5(90)1 29(18)1 31(72)1 32(88)2 47(87)1 59(12)1 68(73)1 79(69)1 80(90)1 84(72)1 85(18)2
9: 10(31)3 17(2)1 36(47)1 39(68)2 66(59)2 83(2)1 86(5)1 89(5)1
10: 24(83)1 44(83)1 60(36)1 63(89)1 74(39)1 93(36)1 99(36)1
11: 9(44)1 20(44)1 21(63)1 48(24)2 54(60)1 92(99)2 95(44)1
12: 11(20)1 13(95)1 55(21)1 78(95)1
13: 4(11)1 42(11)1
14: 45(4)1 56(42)1
15: 33(45)2 46(45)1 61(56)1
16: 49(61)1
17: 53(49)1
18: 3(53)1 52(53)1
total weight: 115
----
