0: 0
1: 11(0)19 28(0)37
2: 19(28)3 21(11)40 25(11)13 29(11)19
3: 14(25)31 36(25)38 37(19)13 39(29)13
4: 1(39)30 9(14)16 20(14)4 30(36)10
5: 7(9)13 32(9)29
6: 6(32)15
7: 12(6)26 18(6)18 35(6)7 38(6)27
8: 13(18)9 17(18)13 26(12)29 34(35)2
9: 4(34)8 8(26)37 22(13)5
10: 31(22)40
total weight: 564
----
0: 15
1: 24(15)32
total weight: 32
----
