0: 9
1: 40(9)28
2: 26(40)38
total weight: 66
----
0: 21
1: 49(21)29
total weight: 29
----
0: 33
1: 36(33)17
total weight: 17
----
0: 35
1: 43(35)44
total weight: 44
----
