0: 1
1: 9(1)5
2: 3(9)1
3: 4(3)7 5(3)3
total weight: 16
----
0: 6
1: 8(6)3
total weight: 3
----
