0: 0
1: 5(0)3 8(0)2
2: 2(5)3 4(8)4 7(8)8 9(5)4
3: 1(9)4 3(4)3
4: 6(1)4
total weight: 35
----
