0: 1
1: 17(1)16
2: 20(17)25
total weight: 41
----
0: 3
1: 6(3)17 7(3)23 9(3)9
2: 11(9)11 23(9)14
3: 19(11)25
total weight: 99
----
0: 8
1: 21(8)7
total weight: 7
----
0: 15
1: 22(15)21
total weight: 21
----
